This file was created by GitHub Actions on Tue May 13 20:19:51 UTC 2025
